// Jest Snapshot v1, https://goo.gl/fbAQLP

exports[`matches snapshot 1`] = `"<div><form><div><label for=\\"title\\">Title<input name=\\"title\\" id=\\"title\\" value=\\"\\"></label></div><div><label for=\\"desc\\">Description<input name=\\"desc\\" id=\\"desc\\" value=\\"\\"></label></div><div><button type=\\"submit\\" class=\\" button\\">Submit</button></div></form></div>"`;
