// Jest Snapshot v1, https://goo.gl/fbAQLP

exports[`matches snapshot 1`] = `"<div><ul><li>Blog 1</li><li>Blog 2</li><li>Blog 3</li><li>Blog 4</li></ul></div>"`;
