// Jest Snapshot v1, https://goo.gl/fbAQLP

exports[`matches snapshot 1`] = `"<div><div><div class=\\"container\\">My Blog</div><hr><div>Content area</div></div></div>"`;
