// Jest Snapshot v1, https://goo.gl/fbAQLP

exports[`renders child 1`] = `"<div><h1>Hello, world!</h1></div>"`;

exports[`renders error boundary correctly 1`] = `"<div><div class=\\"container\\"><h1>Something went wrong!</h1><button class=\\" button\\" type=\\"button\\">Refresh page</button></div></div>"`;
